// Jest Snapshot v1, https://goo.gl/fbAQLP

exports[`Pruebas en Search Page Debe mostrarse correctamente con default values 1`] = `
<div>
  <h1
    class="text-center mt-2"
  >
    Search By Hero
  </h1>
  <hr />
  <div
    class="row"
  >
    <div
      class="col-5"
    >
      <h4>
        Search Form
      </h4>
      <hr />
      <form
        aria-label="form"
      >
        <input
          autocomplete="off"
          class="form-control"
          name="searchText"
          placeholder="Hero Name"
          type="text"
          value=""
        />
      </form>
      <button
        class="btn btn-outline-primary mt-2"
      >
        Search
      </button>
    </div>
    <div
      class="col-7"
    >
      <h4>
        Results
      </h4>
      <hr />
      <div
        class="alert alert-primary animate__animated animate__fadeIn"
      >
        Search a Hero
      </div>
      <div
        aria-label="alert-danger"
        class="alert alert-danger animate__animated animate__fadeIn"
        style="display: none;"
      >
        Hero 
        <b />
         not found
      </div>
    </div>
  </div>
</div>
`;
